
26 April 2026 at 18:19:25 GET /api/users1
26 April 2026 at 18:19:26 statusCode: '404'
26 April 2026 at 18:19:26 message: 'route not found'
26 April 2026 at 18:19:26 GET /favicon.ico
26 April 2026 at 18:19:26 statusCode: '404'
26 April 2026 at 18:19:26 message: 'route not found'